datapath__121: Execute__GB4, 
logic__311: Execute__GB4, 
keep__114: Execute__GB4, 
case__308: Execute__GB4, 
muxpart__31: Execute__GB4, 
datapath__123: Execute__GB4, 
logic__399: Execute__GB4, 
case__32: Execute__GB4, 
keep__122: Execute__GB4, 
logic__190: Execute__GB4, 
logic__385: Execute__GB4, 
keep__110: Execute__GB4, 
keep__113: Execute__GB4, 
keep__225: Execute__GB4, 
datapath__31: Execute__GB4, 
datapath: datapath__93__GD, Execute__GB1, datapath__94__GD, 
datapath__122: Execute__GB4, 
keep__104: Execute__GB4, 
logic__757: Execute__GB4, 
keep__224: Execute__GB4, 
logic__409: Execute__GB4, 
reg__324: Execute__GB4, 
keep__18: Execute__GB4, 
keep__27: Execute__GB4, 
keep__111: Execute__GB4, 
datapath__40: Execute__GB4, 
datapath__15: Execute__GB4, 
datapath__119: Execute__GB4, 
logic__765: Execute__GB4, 
Stack__GB1: Stack__GB1, 
partition__7: Execute__GB2, 
case: Execute__GB4, 
muxpart__18: Execute__GB4, 
keep__212: Execute__GB4, 
datapath__14: Execute__GB4, 
reg__12: Execute__GB4, 
logic__354: Execute__GB4, 
case__309: Execute__GB4, 
datapath__44: Execute__GB4, 
logic__407: Execute__GB4, 
keep__112: Execute__GB4, 
String_to_Number: Execute__GB2, 
keep__214: Execute__GB4, 
logic__28: Execute__GB4, 
logic__214: Execute__GB4, 
case__410: Execute__GB4, 
logic__60: Execute__GB4, 
logic__735: Execute__GB4, 
datapath__23: Execute__GB4, 
logic__95: Execute__GB4, 
logic__42: Execute__GB4, 
keep__108: Execute__GB4, 
keep__216: Execute__GB4, 
keep__210: Execute__GB4, 
case__2: Execute__GB4, 
muxpart__21: Execute__GB4, 
reg__317: Execute__GB4, 
Execute__GB1: Execute__GB1, 
logic__413: Execute__GB4, 
partition__6: Execute__GB2, 
keep__217: Execute__GB4, 
case__318: Execute__GB4, 
Font: Execute__GB4, 
counter__2: Execute__GB4, 
muxpart__6: Execute__GB4, 
keep__215: Execute__GB4, 
reg__11: Execute__GB4, 
datapath__124: Execute__GB4, 
logic__398: Execute__GB4, 
keep__117: Execute__GB4, 
datapath__121_GROUP_GROUP: datapath__93__GD, Stack__GB3, Stack__GB0, 
datapath__7: Execute__GB4, 
case__314: Execute__GB4, 
Execute__GB1_tempName: Execute__GB4, 
keep__49: Execute__GB4, 
keep__221: Execute__GB4, 
datapath__39: Execute__GB4, 
logic__124: Execute__GB4, 
datapath__11: Execute__GB4, 
keep__118: Execute__GB4, 
logic__408: Execute__GB4, 
datapath__42: Execute__GB4, 
logic__360: Execute__GB4, 
reg__21: Execute__GB4, 
logic__2: Execute__GB4, 
logic__418: Execute__GB4, 
muxpart__33: Execute__GB4, 
String_parser: Execute__GB4, Execute__GB2, 
reg__2: Execute__GB4, 
logic__397: Execute__GB4, 
reg__282: Execute__GB4, 
logic__25: Execute__GB4, 
case__305: Execute__GB4, 
logic__414: Execute__GB4, 
keep__220: Execute__GB4, 
case__27: Execute__GB4, 
logic__65: Execute__GB4, 
datapath__25: Execute__GB4, 
reg__322: Execute__GB4, 
logic__22: Execute__GB4, 
Execute__GB4: Execute__GB4, 
case__321: Execute__GB4, 
Controller: Execute__GB4, 
case__15: Execute__GB4, 
case__30: Execute__GB4, 
case__396: Execute__GB4, 
logic__748: Execute__GB4, 
datapath__117_GROUP_GROUP: Execute__GB2, Stack__GB2, 
datapath__95: Execute__GB4, 
muxpart__3: Execute__GB4, 
logic__92: Execute__GB4, 
case__293: Execute__GB4, 
case__311: Execute__GB4, 
keep__222: Execute__GB4, 
logic__211: Execute__GB4, 
logic__373: Execute__GB4, 
datapath__22: Execute__GB4, Execute__GB1, 
datapath__3: Execute__GB4, 
muxpart__19: Execute__GB4, 
logic__189: Execute__GB4, 
logic__158: Execute__GB4, 
keep__106: Execute__GB4, 
keep__219: Execute__GB4, 
reg__16: Execute__GB4, 
datapath__46: Execute__GB4, 
case__325: Execute__GB4, 
logic__801: Execute__GB4, 
datapath__94__GD_tempName: Execute__GB4, 
partition__5: Execute__GB2, 
logic__132: Execute__GB4, 
case__297: Execute__GB4, 
logic__727: Execute__GB4, 
case__312: Execute__GB4, 
logic__367: Execute__GB4, 
logic__8: Execute__GB4, 
reg__281: Execute__GB4, 
case__292: Execute__GB4, 
logic__58: Execute__GB4, 
datapath__97: Execute__GB4, 
keep__105: Execute__GB4, 
logic__54: Execute__GB4, 
logic__363: Execute__GB4, 
case__3: Execute__GB4, 
reg__3: Execute__GB4, 
case__18: Execute__GB4, 
keep__119: Execute__GB4, 
logic__421: Execute__GB4, 
logic__731: Execute__GB4, 
reg__22: Execute__GB4, 
keep__213: Execute__GB4, 
logic__794: Execute__GB4, 
logic__114: Execute__GB4, 
logic__121: Execute__GB4, 
case__326: Execute__GB4, 
logic__125: Execute__GB4, 
case__328: Execute__GB4, 
case__5: Execute__GB4, 
logic__36: Execute__GB4, 
reg__15: Execute__GB4, 
logic__215: Execute__GB4, 
keep__48: Execute__GB4, 
logic__110: Execute__GB4, 
case__1: Execute__GB4, 
datapath__96: Execute__GB4, 
reg__5: Execute__GB4, 
case__407: Execute__GB4, 
logic__372: Execute__GB4, 
reg__13: Execute__GB4, 
keep__115: Execute__GB4, 
logic__83: Execute__GB4, 
case__21: Execute__GB4, 
datapath__10: Execute__GB4, 
case__329: Stack__GB4, 
logic__3: Execute__GB4, 
top__GC0_tempName: Execute__GB4, 
reg__7: Execute__GB4, 
Number_to_String: Execute__GB1, 
case__320: Execute__GB4, 
logic__791: Execute__GB4, 
muxpart__15: Execute__GB4, 
case__31: Execute__GB4, 
case__392: Execute__GB4, 
keep__64: Execute__GB4, 
logic__26: Execute__GB4, 
case__299: Execute__GB4, 
logic__80: Execute__GB4, 
keep__223: Execute__GB4, 
reg__283: Execute__GB4, 
datapath__17: Execute__GB4, 
logic__708: Execute__GB4, 
reg__318: Execute__GB4, 
logic__71: Execute__GB4, 
case__8: Execute__GB4, 
logic__68: Execute__GB4, 
datapath__115_GROUP_GROUP: top__GC0, 
case__315: Execute__GB4, 
muxpart__12: Execute__GB4, 
Debouncer: Execute__GB4, 
case__310: Execute__GB4, 
datapath__118: Execute__GB4, 
logic__192: Execute__GB4, 
Keyboard: Execute__GB4, 
logic__4: Execute__GB4, 
datapath__5: Execute__GB4, 
reg__19: Execute__GB4, 
keep__109: Execute__GB4, 
logic__160: Execute__GB4, 
logic__798: Execute__GB4, 
keep__211: Execute__GB4, 
VGA: Execute__GB4, 
keep__107: Execute__GB4, 
counter: Execute__GB4, 
logic__732: Execute__GB4, 
VGA_clk_1920_1080_60Hz: Execute__GB4, 
logic__184: Execute__GB4, 
datapath__50: Execute__GB4, 
logic__419: Execute__GB4, 
keep__45: Execute__GB4, 
logic__217: Execute__GB4, 
muxpart__9: Execute__GB4, 
case__35: top__GC0, 
keep__218: Execute__GB4, 
case__323: Execute__GB4, 
datapath__35: Execute__GB4, 
logic__191: Execute__GB4, 
logic__201: Execute__GB4, 
Judge: Execute__GB2, 
logic__368: Execute__GB4, 
case__398: Execute__GB4, 
muxpart__30: Execute__GB4, 
logic__156: Execute__GB4, 
datapath__113: Execute__GB4, 
logic__64: Execute__GB4, 
keep__39: Execute__GB4, 
datapath__20: Execute__GB4, 
case__14: Execute__GB4, 
logic__197: Execute__GB4, 
datapath__115_GROUP_GROUP__3_GROUP: datapath__94__GD, 
keep__121: Execute__GB4, 
reg__14: Execute__GB4, 
Stack__GB0_tempName: Execute__GB4, 
case__317: Execute__GB4, 
reg__315: Execute__GB4, 
logic__204: Execute__GB4, 
logic__86: Execute__GB4, 
reg__9: Execute__GB4, 
logic__135: Execute__GB4, 
top__GC0: Execute__GB4, 
partition: top__GC0, Execute__GB4, Execute__GB2, Execute__GB1, Stack__GB4, Stack__GB3, Stack__GB2, Stack__GB1, Stack__GB0, 
keep__116: Execute__GB4, 
keep__21: Execute__GB4, 
case__324: Execute__GB4, 
muxpart__32: Execute__GB4, 
logic__199: Execute__GB4, 
logic__5: Execute__GB4, 
