keep__6: datapath__35
keep__74: logic__124
keep__159: datapath__14
Execute__GB2: datapath__117_GROUP_GROUP
keep__150: reg__324
keep__201: reg__281
keep__57: case__14
keep__195: logic__191
keep__28: datapath__22
keep__26: reg__322
keep__5: case__312
keep__193: logic__197
keep__183: case__30
keep__174: logic__421
keep__158: datapath__10
keep__156: logic__204
keep__41: String_parser
keep__17: case__314
datapath__94__GD: datapath__115_GROUP_GROUP__3_GROUP
keep__120: top__GC0_tempName
keep__70: logic__65
keep__72: logic__110
partition__7: partition__5
keep__192: reg__16
keep__190: logic__190
keep__167: logic__407
keep__205: logic__385
keep__32: case__297
datapath__136: datapath
keep__29: datapath__25
keep__50: logic__114
partition__12: partition
keep__77: logic__125
keep__157: logic__409
keep__149: logic__727
keep__3: case__309
String_to_Number: String_to_Number
keep__93: Stack__GB0_tempName
keep__91: Keyboard
keep__142: case__396
keep__8: logic__363
keep__86: logic__4
keep__178: datapath__17
keep__69: logic__54
keep: logic__373
keep__90: logic__8
keep__30: logic__757
keep__51: logic__86
keep__88: Execute__GB1_tempName
Stack__GB4: case__329
partition__6: partition
keep__24: case__292
keep__187: logic__192
keep__163: logic__418
keep__46: datapath__23
keep__54: logic__135
keep__185: muxpart__19
keep__200: case__325
keep__23: case__21
keep__42: logic__156
keep__152: case__410
keep__11: case__310
keep__166: datapath__7
keep__22: case__293
keep__153: muxpart__30
keep__179: case__27
keep__79: Debouncer
partition__10: partition
keep__136: logic__732
String_parser: String_parser
keep__186: logic__199
keep__199: case__321
keep__202: case__315
keep__160: muxpart__21
keep__34: datapath__20
keep__2: datapath__40
keep__44: case__299
keep__36: reg__13
Execute__GB4: Execute__GB4
keep__206: case__318
keep__182: datapath__11
keep__143: muxpart__31
keep__197: case__324
partition__3: partition
keep__9: datapath__39
keep__10: datapath__42
partition__2: partition
keep__92: logic__5
keep__71: case__18
datapath__114: reg__11
keep__172: logic__408
keep__47: logic__765
keep__147: logic__794
datapath__135: datapath
keep__65: logic__92
partition__8: partition__7
keep__19: logic__360
keep__81: reg__7
keep__128: Font
keep__68: logic__132
datapath__22: datapath__22
keep__204: case__320
keep__43: reg__12
Stack__GB0: datapath__121_GROUP_GROUP
keep__59: logic__60
keep__133: logic__731
datapath__117: case__2
keep__184: logic__215
keep__13: logic__368
keep__177: datapath__50
keep__131: reg__315
keep__83: case__8
keep__89: counter
keep__123: logic__798
keep__180: muxpart__15
keep__99: case__1
partition__5: partition
keep__58: logic__121
keep__129: reg__318
keep__196: reg__14
datapath__115: logic__36
keep__189: reg__283
keep__63: logic__28
keep__208: datapath__46
keep__14: case__311
keep__188: logic__398
keep__165: muxpart__18
keep__100: case__5
keep__40: logic__158
keep__98: reg__3
keep__164: logic__419
partition__4: partition
keep__191: logic__201
keep__76: logic__80
keep__162: logic__399
keep__37: logic__184
keep__144: muxpart__32
keep__194: reg__15
keep__181: logic__413
keep__148: logic__791
keep__15: logic__354
keep__103: datapath__94__GD_tempName
keep__146: reg__317
Number_to_String: Number_to_String
keep__207: case__323
keep__80: logic__25
keep__84: logic__26
partition__9: partition__6
keep__169: logic__414
keep__66: logic__68
keep__56: muxpart__6
keep__161: logic__217
keep__145: case__398
keep__127: reg__22
datapath__137: datapath
keep__4: logic__372
keep__55: logic__71
keep__75: reg__9
keep__209: logic__397
keep__173: logic__214
keep__85: reg__2
keep__134: logic__748
keep__170: case__326
datapath__93__GD: datapath__121_GROUP_GROUP
keep__7: logic__367
keep__139: logic__801
keep__132: VGA
Stack__GB2: datapath__117_GROUP_GROUP
keep__95: logic__2
case__412: case__35
keep__67: logic__95
keep__125: datapath__95
keep__126: VGA_clk_1920_1080_60Hz
keep__102: case__3
keep__175: logic__211
datapath__116: logic__3
keep__96: datapath__3
keep__73: case__15
keep__203: reg__282
keep__52: logic__64
keep__137: logic__708
keep__1: datapath__44
keep__130: muxpart__33
keep__78: logic__22
keep__60: muxpart__3
keep__82: datapath__5
keep__62: logic__83
keep__124: logic__735
keep__140: case__392
keep__138: logic__311
partition__11: partition
keep__155: case__31
keep__12: case__305
Stack__GB3: datapath__121_GROUP_GROUP
keep__168: case__328
datapath__120: case__407
Judge: Judge
keep__94: counter__2
keep__16: case__308
keep__198: case__317
keep__154: reg__19
keep__33: muxpart__12
keep__141: case__32
keep__38: logic__160
keep__87: case
keep__176: datapath__15
keep__171: reg__21
keep__20: datapath__31
keep__35: muxpart__9
keep__135: datapath__97
keep__101: reg__5
top__GC0: datapath__115_GROUP_GROUP
keep__25: logic__189
keep__31: Controller
keep__61: logic__58
keep__53: logic__42
keep__97: top__GC0
keep__151: datapath__96
