case__32: top__GC0, 
reg__289: Execute__GB2, 
datapath__8: top__GC0, 
case__277: Stack__GB3, 
reg__31: Stack__GB0, 
logic__727: Execute__GB2, 
reg__189: Stack__GB2, 
datapath__16: top__GC0, 
muxpart: top__GC0, 
case__101: Stack__GB1, 
reg__29: Stack__GB0, 
case__63: Stack__GB0, 
case__293: Execute__GB2, 
reg__321: Execute__GB2, 
reg__26: Stack__GB0, 
logic__26: top__GC0, 
case__219: Stack__GB2, 
reg__250: Stack__GB3, 
logic__526: Execute__GB2, 
case__236: Stack__GB2, 
reg__42: Stack__GB0, 
case__411: top__GC0, 
case__278: Stack__GB3, 
Execute__GB1: Execute__GB1, 
case__12: top__GC0, 
logic__538: Execute__GB2, 
reg__186: Stack__GB2, 
case__353: Execute__GB2, 
datapath__77: Execute__GB1, 
case__305: Execute__GB2, 
reg__123: Stack__GB1, 
case__248: Stack__GB3, 
case__34: Stack__GB4, 
case__189: Stack__GB4, 
logic__535: Execute__GB2, 
case__255: Stack__GB3, 
case__388: Execute__GB2, 
case__228: Stack__GB2, 
reg__266: Stack__GB3, 
logic__536: Execute__GB2, 
logic__92: top__GC0, 
reg__201: Stack__GB2, 
case__54: Stack__GB0, 
String_to_Number: Execute__GB2, 
reg__309: Execute__GB2, 
case__145: Stack__GB1, 
reg__78: Stack__GB0, 
muxpart__33: top__GC0, 
logic__199: top__GC0, 
case__44: Stack__GB0, 
case__133: Stack__GB1, 
counter__3: Stack__GB4, 
case__58: Stack__GB0, 
reg__122: Stack__GB1, 
reg__75: Stack__GB0, 
reg__35: Stack__GB0, 
logic__42: top__GC0, 
logic__674: Execute__GB2, 
counter__5: Execute__GB2, 
datapath__41: Execute__GB2, 
case__195: Stack__GB2, 
case__155: Stack__GB1, 
logic__413: Execute__GB2, 
datapath__30: Execute__GB2, 
reg__38: Stack__GB0, 
logic__215: top__GC0, 
muxpart__7: top__GC0, 
case__360: Execute__GB2, 
case__213: Stack__GB2, 
case__107: Stack__GB1, 
logic__755: Execute__GB2, 
case__282: Stack__GB3, 
reg__270: Stack__GB3, 
case__329: Execute__GB2, 
logic__738: Execute__GB2, 
reg__323: top__GC0, 
logic__46: top__GC0, 
reg__263: Stack__GB3, 
case__284: Stack__GB3, 
case__95: Stack__GB0, 
case__270: Stack__GB3, 
logic__38: top__GC0, 
logic__27: top__GC0, 
reg__184: Stack__GB2, 
logic__563: Execute__GB1, 
reg__205: Stack__GB2, 
muxpart__23: Execute__GB2, 
muxpart__27: Execute__GB2, 
datapath__94: datapath__94__GD, 
case__301: Execute__GB2, 
case__207: Stack__GB2, 
case__402: Execute__GB2, 
case__135: Stack__GB1, 
case__261: Stack__GB3, 
reg__27: Stack__GB0, 
datapath__53: Execute__GB2, 
reg__281: Execute__GB2, 
datapath__39: Execute__GB2, 
reg__139: Stack__GB1, 
case__94: Stack__GB0, 
logic__497: Execute__GB2, 
case__254: Stack__GB3, 
reg__197: Stack__GB2, 
logic__548: Execute__GB1, 
reg__183: Stack__GB2, 
case: top__GC0, 
case__328: Execute__GB2, 
reg__48: Stack__GB0, 
case__399: Execute__GB2, 
case__33: Stack__GB4, 
reg__179: Stack__GB2, 
reg__247: Stack__GB3, 
logic__397: Execute__GB2, 
logic__406: Execute__GB2, 
datapath__38: Execute__GB2, 
case__35: Stack__GB4, 
reg__297: Execute__GB2, 
case__409: top__GC0, 
case__28: top__GC0, 
case__114: Stack__GB1, 
case__377: Execute__GB2, 
case__153: Stack__GB1, 
case__339: Execute__GB2, 
reg__278: Stack__GB3, 
case__40: Stack__GB0, 
reg: top__GC0, 
case__231: Stack__GB2, 
reg__104: Stack__GB1, 
logic__360: Execute__GB2, 
case__179: Stack__GB4, 
case__89: Stack__GB0, 
case__169: Stack__GB4, 
case__172: Stack__GB4, 
case__119: Stack__GB1, 
datapath__88: Execute__GB1, 
reg__199: Stack__GB2, 
datapath__52: Execute__GB2, 
case__31: top__GC0, 
reg__19: top__GC0, 
logic__757: Execute__GB2, 
case__387: Execute__GB2, 
logic__555: Execute__GB1, 
logic__288: top__GC0, 
datapath__74: Execute__GB1, 
Debouncer: top__GC0, 
muxpart__3: top__GC0, 
muxpart__19: Execute__GB2, 
reg__155: Stack__GB4, 
case__14: top__GC0, 
reg__69: Stack__GB0, 
reg__286: Execute__GB2, 
logic__354: Execute__GB2, 
logic__427: Execute__GB2, 
reg__280: Execute__GB2, 
case__241: Stack__GB3, 
logic__766: Execute__GB2, 
case__4: top__GC0, 
reg__188: Stack__GB2, 
logic__53: top__GC0, 
reg__63: Stack__GB0, 
reg__149: Stack__GB1, 
logic__407: Execute__GB2, 
logic__387: Execute__GB2, 
logic__765: Execute__GB2, 
reg__257: Stack__GB3, 
reg__20: top__GC0, 
logic__83: top__GC0, 
reg__77: Stack__GB0, 
reg__243: Stack__GB3, 
case__187: Stack__GB4, 
case__74: Stack__GB0, 
reg__251: Stack__GB3, 
datapath__33: Execute__GB2, 
logic__408: Execute__GB2, 
case__300: Execute__GB2, 
logic__509: Execute__GB2, 
case__78: Stack__GB0, 
logic__45: top__GC0, 
case__312: Execute__GB2, 
case__204: Stack__GB2, 
logic__4: top__GC0, 
case__193: Stack__GB2, 
reg__36: Stack__GB0, 
reg__12: top__GC0, 
case__362: Execute__GB1, 
logic__37: top__GC0, 
reg__318: Execute__GB2, 
logic__605: Execute__GB1, 
reg__185: Stack__GB2, 
muxpart__2: top__GC0, 
logic__465: Execute__GB2, 
datapath__57: Execute__GB2, 
reg__114: Stack__GB1, 
logic__252: top__GC0, 
Execute__GB4: Execute__GB4, 
case__273: Stack__GB3, 
reg__171: Stack__GB4, 
case__198: Stack__GB2, 
logic__752: Execute__GB2, 
case__383: Execute__GB2, 
datapath__67: Execute__GB1, 
case__211: Stack__GB2, 
datapath__79: Execute__GB1, 
logic__210: top__GC0, 
case__391: Execute__GB2, 
case__90: Stack__GB0, 
datapath__90: Execute__GB4, 
datapath__49: Execute__GB2, 
reg__97: Stack__GB1, 
logic__337: top__GC0, 
case__372: Execute__GB2, 
case__367: Execute__GB1, 
case__221: Stack__GB2, 
muxpart__8: top__GC0, 
case__150: Stack__GB1, 
reg__301: Execute__GB1, 
case__363: Execute__GB1, 
datapath__72: Execute__GB1, 
reg__70: Stack__GB0, 
case__18: top__GC0, 
logic__542: Execute__GB2, 
VGA: top__GC0, 
logic__447: Execute__GB2, 
datapath__98: top__GC0, 
Judge: Execute__GB2, 
case__375: Execute__GB2, 
case__93: Stack__GB0, 
muxpart__17: top__GC0, 
reg__200: Stack__GB2, 
case__115: Stack__GB1, 
logic__439: Execute__GB2, 
case__229: Stack__GB2, 
reg__265: Stack__GB3, 
logic__791: top__GC0, 
case__303: Execute__GB2, 
case__178: Stack__GB4, 
case__103: Stack__GB1, 
datapath__55: Execute__GB2, 
case__407: top__GC0, 
logic__189: top__GC0, 
datapath__24: Execute__GB2, 
case__209: Stack__GB2, 
datapath__7: top__GC0, 
reg__209: Stack__GB2, 
reg__41: Stack__GB0, 
datapath__31: Execute__GB2, 
reg__130: Stack__GB1, 
case__167: Stack__GB4, 
logic__25: top__GC0, 
case__203: Stack__GB2, 
case__224: Stack__GB2, 
case__338: Execute__GB2, 
logic__726: Execute__GB2, 
logic__198: top__GC0, 
datapath__5: top__GC0, 
logic__781: Execute__GB2, 
reg__94: Stack__GB1, 
case__274: Stack__GB3, 
reg__215: Stack__GB2, 
logic__453: Execute__GB2, 
reg__282: Execute__GB2, 
reg__170: Stack__GB4, 
logic__121: top__GC0, 
logic__749: Execute__GB2, 
logic__558: Execute__GB1, 
reg__221: Stack__GB2, 
reg__127: Stack__GB1, 
logic__665: Execute__GB2, 
reg__198: Stack__GB2, 
case__244: Stack__GB3, 
case__39: Stack__GB0, 
case__275: Stack__GB3, 
reg__60: Stack__GB0, 
logic__458: Execute__GB2, 
reg__28: Stack__GB0, 
case__286: Stack__GB3, 
logic__418: Execute__GB2, 
reg__135: Stack__GB1, 
logic__191: top__GC0, 
logic__640: Execute__GB2, 
datapath__11: top__GC0, 
logic__196: top__GC0, 
reg__204: Stack__GB2, 
case__294: Execute__GB2, 
logic__641: Execute__GB2, 
reg__111: Stack__GB1, 
datapath__47: Execute__GB2, 
case__27: top__GC0, 
case__49: Stack__GB0, 
logic__152: top__GC0, 
logic__65: top__GC0, 
logic__63: top__GC0, 
reg__65: Stack__GB0, 
logic__780: Execute__GB2, 
case__316: Execute__GB2, 
case__134: Stack__GB1, 
logic__426: Execute__GB2, 
case__398: Execute__GB2, 
logic__8: top__GC0, 
case__345: Execute__GB2, 
case__175: Stack__GB4, 
case__298: Execute__GB2, 
case__125: Stack__GB1, 
case__390: Execute__GB2, 
datapath__36: Execute__GB2, 
case__147: Stack__GB1, 
case__46: Stack__GB0, 
logic__725: Execute__GB2, 
case__368: Execute__GB1, 
case__259: Stack__GB3, 
logic__342: Stack__GB4, 
reg__169: Stack__GB4, 
reg__50: Stack__GB0, 
logic__430: Execute__GB2, 
muxpart__4: top__GC0, 
reg__300: Execute__GB2, 
muxpart__9: top__GC0, 
case__320: Execute__GB2, 
logic__795: top__GC0, 
logic__475: Execute__GB2, 
reg__218: Stack__GB2, 
reg__43: Stack__GB0, 
counter__4: Execute__GB2, 
reg__276: Stack__GB3, 
top__GC0: top__GC0, 
logic__666: Execute__GB2, 
case__376: Execute__GB2, 
reg__143: Stack__GB1, 
logic__764: Execute__GB2, 
case__358: Execute__GB2, 
logic__372: Execute__GB2, 
reg__62: Stack__GB0, 
case__225: Stack__GB2, 
case__326: Execute__GB2, 
logic__792: top__GC0, 
case__5: top__GC0, 
reg__306: Execute__GB2, 
logic__350: Stack__GB4, 
case__235: Stack__GB2, 
logic__6: top__GC0, 
reg__134: Stack__GB1, 
reg__273: Stack__GB3, 
reg__5: top__GC0, 
case__71: Stack__GB0, 
case__285: Stack__GB3, 
logic__646: Execute__GB2, 
reg__239: Stack__GB3, 
logic__528: Execute__GB2, 
logic__398: Execute__GB2, 
logic__794: top__GC0, 
case__104: Stack__GB1, 
logic__648: Execute__GB2, 
case__319: Execute__GB2, 
case__200: Stack__GB2, 
reg__52: Stack__GB0, 
muxpart__15: top__GC0, 
muxpart__25: Execute__GB2, 
case__69: Stack__GB0, 
logic__158: top__GC0, 
reg__287: Execute__GB2, 
reg__162: Stack__GB4, 
reg__106: Stack__GB1, 
case__180: Stack__GB4, 
logic__281: top__GC0, 
reg__10: top__GC0, 
case__292: Execute__GB2, 
datapath__71: Execute__GB1, 
reg__6: top__GC0, 
case__43: Stack__GB0, 
case__64: Stack__GB0, 
logic__169: top__GC0, 
logic__663: Execute__GB2, 
reg__21: top__GC0, 
reg__11: top__GC0, 
reg__305: Execute__GB1, 
case__226: Stack__GB2, 
logic__114: top__GC0, 
reg__308: Execute__GB2, 
case__212: Stack__GB2, 
reg__212: Stack__GB2, 
case__144: Stack__GB1, 
reg__181: Stack__GB2, 
case__371: Execute__GB2, 
datapath__46: Execute__GB2, 
case__310: Execute__GB2, 
reg__320: Execute__GB2, 
reg__230: Stack__GB3, 
case__205: Stack__GB2, 
case__365: Execute__GB1, 
reg__294: Execute__GB2, 
logic__479: Execute__GB2, 
case__7: top__GC0, 
datapath__10: top__GC0, 
case__164: Stack__GB1, 
datapath__87: Execute__GB1, 
datapath__59: Execute__GB2, 
case__79: Stack__GB0, 
case__331: Execute__GB2, 
reg__246: Stack__GB3, 
logic__353: Stack__GB4, 
case__215: Stack__GB2, 
logic__667: Execute__GB2, 
case__403: Execute__GB2, 
case__325: Execute__GB2, 
case__289: Stack__GB3, 
case__171: Stack__GB4, 
datapath__80: Execute__GB1, 
reg__71: Stack__GB0, 
logic__428: Execute__GB2, 
case__279: Stack__GB3, 
reg__319: Execute__GB1, 
case__96: Stack__GB0, 
datapath__70: Execute__GB1, 
reg__124: Stack__GB1, 
reg__49: Stack__GB0, 
logic__525: Execute__GB2, 
logic__409: Execute__GB2, 
case__356: Execute__GB2, 
case__281: Stack__GB3, 
reg__261: Stack__GB3, 
case__80: Stack__GB0, 
muxpart__30: top__GC0, 
datapath__93__GD: datapath__93__GD, 
reg__223: Stack__GB2, 
logic__39: top__GC0, 
case__341: Execute__GB2, 
logic__704: Execute__GB2, 
datapath__97: top__GC0, 
logic__480: Execute__GB2, 
case__327: Execute__GB2, 
case__210: Stack__GB2, 
case__25: top__GC0, 
logic__1: top__GC0, 
case__75: Stack__GB0, 
reg__277: Stack__GB3, 
logic__822: top__GC0, 
logic__655: Execute__GB2, 
case__181: Stack__GB4, 
case__122: Stack__GB1, 
reg__79: Stack__GB0, 
muxpart__10: top__GC0, 
logic__686: Execute__GB2, 
logic__449: Execute__GB2, 
case__136: Stack__GB1, 
case__83: Stack__GB0, 
datapath__54: Execute__GB2, 
counter__2: top__GC0, 
reg__303: Execute__GB1, 
case__257: Stack__GB3, 
case__24: top__GC0, 
logic__473: Execute__GB2, 
reg__219: Stack__GB2, 
case__197: Stack__GB2, 
counter__6: Execute__GB2, 
reg__285: Execute__GB2, 
case__227: Stack__GB2, 
reg__37: Stack__GB0, 
logic__440: Execute__GB2, 
logic__644: Execute__GB2, 
case__389: Execute__GB2, 
logic__442: Execute__GB2, 
datapath__42: Execute__GB2, 
datapath__15: top__GC0, 
datapath__25: Execute__GB2, 
case__118: Stack__GB1, 
logic__3: top__GC0, 
muxpart__22: Execute__GB2, 
reg__173: Stack__GB4, 
datapath__82: Execute__GB1, 
case__251: Stack__GB3, 
case__184: Stack__GB4, 
reg__292: Execute__GB2, 
logic__429: Execute__GB2, 
reg__227: Stack__GB2, 
reg__8: top__GC0, 
datapath__65: Execute__GB2, 
logic__437: Execute__GB2, 
reg__165: Stack__GB4, 
reg__317: Execute__GB2, 
logic__419: Execute__GB2, 
case__308: Execute__GB2, 
case__26: top__GC0, 
reg__92: Stack__GB1, 
logic__132: top__GC0, 
reg__195: Stack__GB2, 
case__247: Stack__GB3, 
case__190: Stack__GB2, 
case__87: Stack__GB0, 
reg__22: top__GC0, 
logic__405: Execute__GB2, 
case__321: Execute__GB2, 
reg__90: Stack__GB1, 
logic__546: Execute__GB1, 
logic__123: top__GC0, 
case__359: Execute__GB2, 
logic__374: Execute__GB2, 
case__214: Stack__GB2, 
case__317: Execute__GB2, 
reg__322: Execute__GB2, 
reg__30: Stack__GB0, 
reg__296: Execute__GB2, 
case__346: Execute__GB2, 
reg__159: Stack__GB4, 
reg__68: Stack__GB0, 
reg__283: Execute__GB2, 
reg__237: Stack__GB3, 
case__123: Stack__GB1, 
logic__18: top__GC0, 
case__350: Execute__GB2, 
String_parser: Execute__GB2, 
reg__158: Stack__GB4, 
reg__54: Stack__GB0, 
logic__671: Execute__GB2, 
case__253: Stack__GB3, 
reg__264: Stack__GB3, 
reg__233: Stack__GB3, 
logic__89: top__GC0, 
datapath__20: Execute__GB2, 
logic__359: Execute__GB2, 
reg__256: Stack__GB3, 
case__262: Stack__GB3, 
logic__74: top__GC0, 
logic__768: Execute__GB4, 
case__394: Execute__GB2, 
logic__697: Execute__GB2, 
logic__664: Execute__GB2, 
case__237: Stack__GB2, 
logic__478: Execute__GB2, 
reg__120: Stack__GB1, 
reg__131: Stack__GB1, 
reg__9: top__GC0, 
reg__271: Stack__GB3, 
logic__799: top__GC0, 
logic__5: top__GC0, 
case__269: Stack__GB3, 
case__288: Stack__GB3, 
reg__1: top__GC0, 
logic__400: Execute__GB2, 
case__342: Execute__GB2, 
datapath__29: Execute__GB2, 
datapath__93: datapath__93__GD, 
muxpart__1: top__GC0, 
reg__314: Execute__GB2, 
case__105: Stack__GB1, 
reg__39: Stack__GB0, 
reg__82: Stack__GB0, 
case__97: Stack__GB0, 
case__406: top__GC0, 
logic__649: Execute__GB2, 
case__239: Stack__GB2, 
case__344: Execute__GB2, 
datapath__94__GD: datapath__94__GD, 
case__297: Execute__GB2, 
logic__415: Execute__GB2, 
logic__375: Execute__GB2, 
reg__87: Stack__GB0, 
case__13: top__GC0, 
case__216: Stack__GB2, 
case__73: Stack__GB0, 
reg__241: Stack__GB3, 
logic__390: Execute__GB2, 
case__268: Stack__GB3, 
reg__24: Stack__GB4, 
datapath__1: top__GC0, 
logic__364: Execute__GB2, 
case__121: Stack__GB1, 
datapath__3: top__GC0, 
case__272: Stack__GB3, 
reg__191: Stack__GB2, 
logic__798: top__GC0, 
datapath__40: Execute__GB2, 
case__57: Stack__GB0, 
case__41: Stack__GB0, 
case__369: Execute__GB2, 
reg__310: Execute__GB2, 
case__170: Stack__GB4, 
case__166: Stack__GB4, 
reg__213: Stack__GB2, 
reg__44: Stack__GB0, 
case__240: Stack__GB2, 
case__29: top__GC0, 
datapath__62: Execute__GB2, 
case__66: Stack__GB0, 
Stack__GB2: Stack__GB2, 
case__290: Stack__GB3, 
case__201: Stack__GB2, 
case__196: Stack__GB2, 
muxpart__26: Execute__GB2, 
logic__561: Execute__GB1, 
datapath__45: Execute__GB2, 
case__276: Stack__GB3, 
case__152: Stack__GB1, 
reg__74: Stack__GB0, 
logic__660: Execute__GB2, 
logic__194: top__GC0, 
logic__379: Execute__GB2, 
case__110: Stack__GB1, 
muxpart__14: top__GC0, 
logic__466: Execute__GB2, 
case__70: Stack__GB0, 
counter__7: Execute__GB1, 
case__102: Stack__GB1, 
logic__438: Execute__GB2, 
case__138: Stack__GB1, 
reg__117: Stack__GB1, 
reg__105: Stack__GB1, 
logic__135: top__GC0, 
case__337: Execute__GB2, 
case__271: Stack__GB3, 
logic__559: Execute__GB1, 
logic__399: Execute__GB2, 
case__60: Stack__GB0, 
case__299: Execute__GB2, 
case__242: Stack__GB3, 
muxpart__32: top__GC0, 
Keyboard: top__GC0, 
reg__121: Stack__GB1, 
case__140: Stack__GB1, 
logic__647: Execute__GB2, 
case__132: Stack__GB1, 
reg__208: Stack__GB2, 
case__218: Stack__GB2, 
datapath__95: top__GC0, 
case__232: Stack__GB2, 
reg__132: Stack__GB1, 
reg__84: Stack__GB0, 
reg__315: Execute__GB2, 
logic__547: Execute__GB1, 
logic__416: Execute__GB2, 
reg__32: Stack__GB0, 
case__109: Stack__GB1, 
case__250: Stack__GB3, 
case__161: Stack__GB1, 
reg__140: Stack__GB1, 
logic__193: top__GC0, 
reg__66: Stack__GB0, 
case__385: Execute__GB2, 
reg__99: Stack__GB1, 
logic__55: top__GC0, 
reg__51: Stack__GB0, 
datapath: top__GC0, 
datapath__44: Execute__GB2, 
case__159: Stack__GB1, 
case__76: Stack__GB0, 
logic__156: top__GC0, 
logic__823: top__GC0, 
case__112: Stack__GB1, 
reg__210: Stack__GB2, 
datapath__12: top__GC0, 
reg__268: Stack__GB3, 
reg__267: Stack__GB3, 
logic: top__GC0, 
logic__421: Execute__GB2, 
reg__47: Stack__GB0, 
logic__608: Execute__GB1, 
reg__112: Stack__GB1, 
case__246: Stack__GB3, 
Font: top__GC0, 
case__85: Stack__GB0, 
logic__467: Execute__GB2, 
case__117: Stack__GB1, 
case__199: Stack__GB2, 
case__9: top__GC0, 
logic__208: top__GC0, 
case__3: top__GC0, 
logic__541: Execute__GB2, 
reg__190: Stack__GB2, 
case__53: Stack__GB0, 
logic__677: Execute__GB2, 
logic__531: Execute__GB2, 
case__400: Execute__GB2, 
logic__639: Execute__GB1, 
datapath__78: Execute__GB1, 
case__48: Stack__GB0, 
case__165: Stack__GB4, 
datapath__66: Execute__GB1, 
case__314: Execute__GB2, 
case__392: Execute__GB2, 
reg__226: Stack__GB2, 
case__151: Stack__GB1, 
reg__133: Stack__GB1, 
addsub: Stack__GB4, 
reg__166: Stack__GB4, 
case__185: Stack__GB4, 
case__148: Stack__GB1, 
reg__88: Stack__GB0, 
reg__284: Execute__GB2, 
logic__673: Execute__GB2, 
reg__93: Stack__GB1, 
logic__211: top__GC0, 
case__393: Execute__GB2, 
reg__291: Execute__GB2, 
case__16: top__GC0, 
logic__656: Execute__GB2, 
case__137: Stack__GB1, 
case__206: Stack__GB2, 
muxpart__12: top__GC0, 
reg__174: Stack__GB4, 
case__357: Execute__GB2, 
logic__60: top__GC0, 
logic__385: Execute__GB2, 
reg__203: Stack__GB2, 
case__17: top__GC0, 
case__304: Execute__GB2, 
case__45: Stack__GB0, 
datapath__58: Execute__GB2, 
logic__414: Execute__GB2, 
logic__568: Execute__GB1, 
reg__279: Stack__GB3, 
datapath__48: Execute__GB2, 
case__50: Stack__GB0, 
case__280: Stack__GB3, 
reg__14: top__GC0, 
logic__338: Stack__GB4, 
logic__503: Execute__GB2, 
datapath__56: Execute__GB2, 
logic__201: top__GC0, 
reg__13: top__GC0, 
reg__161: Stack__GB4, 
reg__115: Stack__GB1, 
reg__18: top__GC0, 
reg__3: top__GC0, 
logic__417: Execute__GB2, 
reg__193: Stack__GB2, 
muxpart__18: Execute__GB2, 
case__127: Stack__GB1, 
Execute__GB2: Execute__GB2, 
logic__345: Stack__GB4, 
case__55: Stack__GB0, 
muxpart__21: Execute__GB2, 
logic__352: Stack__GB4, 
reg__177: Stack__GB4, 
case__264: Stack__GB3, 
logic__537: Execute__GB2, 
logic__349: Stack__GB4, 
case__287: Stack__GB3, 
datapath__35: Execute__GB2, 
datapath__75: Execute__GB1, 
case__139: Stack__GB1, 
reg__259: Stack__GB3, 
logic__731: Execute__GB2, 
case__194: Stack__GB2, 
reg__299: Execute__GB2, 
case__336: Execute__GB2, 
logic__36: top__GC0, 
muxpart__24: Execute__GB2, 
reg__232: Stack__GB3, 
reg__109: Stack__GB1, 
logic__642: Execute__GB2, 
logic__134: top__GC0, 
case__23: top__GC0, 
reg__147: Stack__GB1, 
logic__356: Execute__GB2, 
reg__80: Stack__GB0, 
datapath__68: Execute__GB1, 
reg__125: Stack__GB1, 
logic__748: Execute__GB2, 
logic__204: top__GC0, 
datapath__61: Execute__GB2, 
case__404: Execute__GB2, 
logic__391: Execute__GB2, 
logic__694: Execute__GB2, 
case__130: Stack__GB1, 
logic__645: Execute__GB2, 
case__38: Stack__GB0, 
reg__274: Stack__GB3, 
logic__129: top__GC0, 
reg__254: Stack__GB3, 
reg__178: Stack__GB4, 
reg__244: Stack__GB3, 
logic__756: Execute__GB2, 
datapath__83: Execute__GB1, 
reg__234: Stack__GB3, 
case__220: Stack__GB2, 
case__1: top__GC0, 
case__315: Execute__GB2, 
Number_to_String: Execute__GB1, 
reg__222: Stack__GB2, 
case__249: Stack__GB3, 
case__370: Execute__GB2, 
case__52: Stack__GB0, 
case__366: Execute__GB1, 
reg__316: Execute__GB2, 
reg__23: Stack__GB4, 
logic__508: Execute__GB2, 
case__323: Execute__GB2, 
case__405: Execute__GB2, 
case__243: Stack__GB3, 
reg__16: top__GC0, 
case__21: top__GC0, 
datapath__32: Execute__GB2, 
logic__675: Execute__GB2, 
reg__96: Stack__GB1, 
Stack__GB4: Stack__GB4, 
case__10: top__GC0, 
logic__431: Execute__GB2, 
reg__136: Stack__GB1, 
logic__657: Execute__GB2, 
counter__1: top__GC0, 
case__154: Stack__GB1, 
reg__252: Stack__GB3, 
reg__249: Stack__GB3, 
case__291: Stack__GB4, 
case__191: Stack__GB2, 
logic__2: top__GC0, 
case__234: Stack__GB2, 
datapath__50: Execute__GB2, 
datapath__91: Execute__GB4, 
case__330: Execute__GB2, 
reg__207: Stack__GB2, 
logic__216: top__GC0, 
reg__194: Stack__GB2, 
logic__496: Execute__GB2, 
case__334: Execute__GB2, 
reg__224: Stack__GB2, 
case__72: Stack__GB0, 
reg__72: Stack__GB0, 
logic__732: Execute__GB2, 
reg__304: Execute__GB1, 
reg__275: Stack__GB3, 
case__382: Execute__GB2, 
logic__651: Execute__GB2, 
datapath__81: Execute__GB1, 
case__233: Stack__GB2, 
reg__258: Stack__GB3, 
reg__168: Stack__GB4, 
case__354: Execute__GB2, 
case__349: Execute__GB2, 
logic__652: Execute__GB2, 
logic__7: top__GC0, 
datapath__26: Execute__GB2, 
logic__184: top__GC0, 
reg__156: Stack__GB4, 
logic__566: Execute__GB1, 
logic__517: Execute__GB2, 
case__318: Execute__GB2, 
reg__157: Stack__GB4, 
logic__348: Stack__GB4, 
logic__159: top__GC0, 
datapath__34: Execute__GB2, 
reg__216: Stack__GB2, 
case__30: top__GC0, 
datapath__84: Execute__GB1, 
logic__217: top__GC0, 
logic__520: Execute__GB2, 
datapath__27: Execute__GB2, 
logic__560: Execute__GB1, 
logic__64: top__GC0, 
case__313: Execute__GB2, 
case__373: Execute__GB2, 
reg__269: Stack__GB3, 
datapath__63: Execute__GB2, 
case__37: Stack__GB0, 
case__343: Execute__GB2, 
case__177: Stack__GB4, 
datapath__86: Execute__GB1, 
reg__160: Stack__GB4, 
case__397: Execute__GB2, 
case__142: Stack__GB1, 
case__182: Stack__GB4, 
case__156: Stack__GB1, 
case__183: Stack__GB4, 
datapath__73: Execute__GB1, 
case__120: Stack__GB1, 
reg__15: top__GC0, 
logic__505: Execute__GB2, 
logic__373: Execute__GB2, 
reg__167: Stack__GB4, 
logic__214: top__GC0, 
case__295: Execute__GB2, 
reg__101: Stack__GB1, 
muxpart__31: top__GC0, 
datapath__85: Execute__GB1, 
reg__245: Stack__GB3, 
reg__58: Stack__GB0, 
case__384: Execute__GB2, 
logic__423: Execute__GB2, 
logic__643: Execute__GB2, 
logic__459: Execute__GB2, 
logic__434: Execute__GB2, 
logic__394: Execute__GB2, 
logic__707: Execute__GB2, 
case__56: Stack__GB0, 
reg__180: Stack__GB2, 
logic__248: top__GC0, 
reg__57: Stack__GB0, 
case__51: Stack__GB0, 
reg__56: Stack__GB0, 
reg__240: Stack__GB3, 
case__168: Stack__GB4, 
logic__125: top__GC0, 
reg__220: Stack__GB2, 
case__374: Execute__GB2, 
reg__146: Stack__GB1, 
display: top__GC0, 
reg__7: top__GC0, 
case__65: Stack__GB0, 
logic__111: top__GC0, 
case__8: top__GC0, 
case__2: top__GC0, 
case__307: Execute__GB2, 
case__88: Stack__GB0, 
case__192: Stack__GB2, 
reg__151: Stack__GB1, 
case__116: Stack__GB1, 
Stack__GB0: Stack__GB0, 
reg__311: Execute__GB2, 
case__223: Stack__GB2, 
reg__85: Stack__GB0, 
muxpart__20: Execute__GB2, 
reg__142: Stack__GB1, 
logic__22: top__GC0, 
reg__129: Stack__GB1, 
reg__248: Stack__GB3, 
logic__71: top__GC0, 
logic__554: Execute__GB1, 
logic__650: Execute__GB2, 
case__67: Stack__GB0, 
logic__50: top__GC0, 
reg__293: Execute__GB2, 
logic__827: top__GC0, 
case__20: top__GC0, 
muxpart__11: top__GC0, 
case__186: Stack__GB4, 
reg__61: Stack__GB0, 
reg__138: Stack__GB1, 
case__173: Stack__GB4, 
reg__214: Stack__GB2, 
logic__221: top__GC0, 
logic__28: top__GC0, 
case__355: Execute__GB2, 
datapath__51: Execute__GB2, 
logic__709: Execute__GB2, 
case__131: Stack__GB1, 
datapath__17: top__GC0, 
case__163: Stack__GB1, 
reg__2: top__GC0, 
logic__708: Execute__GB2, 
case__340: Execute__GB2, 
logic__367: Execute__GB2, 
logic__68: top__GC0, 
case__188: Stack__GB4, 
case__124: Stack__GB1, 
reg__144: Stack__GB1, 
case__332: Execute__GB2, 
reg__119: Stack__GB1, 
case__91: Stack__GB0, 
reg__196: Stack__GB2, 
case__174: Stack__GB4, 
case__160: Stack__GB1, 
reg__100: Stack__GB1, 
reg__4: top__GC0, 
reg__262: Stack__GB3, 
reg__172: Stack__GB4, 
logic__457: Execute__GB2, 
logic__730: Execute__GB2, 
reg__40: Stack__GB0, 
case__335: Execute__GB2, 
reg__83: Stack__GB0, 
reg__272: Stack__GB3, 
reg__288: Execute__GB2, 
muxpart__6: top__GC0, 
logic__355: Execute__GB2, 
logic__653: Execute__GB2, 
logic__386: Execute__GB2, 
reg__211: Stack__GB2, 
case__333: Execute__GB2, 
reg__67: Stack__GB0, 
reg__25: Stack__GB0, 
case__283: Stack__GB3, 
reg__64: Stack__GB0, 
case__401: Execute__GB2, 
reg__313: Execute__GB2, 
case__252: Stack__GB3, 
case__143: Stack__GB1, 
case__61: Stack__GB0, 
case__126: Stack__GB1, 
reg__95: Stack__GB1, 
logic__452: Execute__GB2, 
case__47: Stack__GB0, 
case__113: Stack__GB1, 
reg__182: Stack__GB2, 
reg__312: Execute__GB2, 
datapath__9: top__GC0, 
datapath__60: Execute__GB2, 
reg__202: Stack__GB2, 
reg__53: Stack__GB0, 
muxpart__16: top__GC0, 
logic__110: top__GC0, 
case__322: Execute__GB2, 
reg__46: Stack__GB0, 
logic__351: Stack__GB4, 
logic__370: Execute__GB2, 
datapath__28: Execute__GB2, 
case__245: Stack__GB3, 
datapath__6: top__GC0, 
case__347: Execute__GB2, 
datapath__21: Execute__GB2, 
reg__176: Stack__GB4, 
case__77: Stack__GB0, 
reg__81: Stack__GB0, 
case__208: Stack__GB2, 
logic__468: Execute__GB2, 
logic__411: Execute__GB2, 
logic__744: Execute__GB2, 
reg__116: Stack__GB1, 
reg__102: Stack__GB1, 
reg__98: Stack__GB1, 
reg__236: Stack__GB3, 
case__217: Stack__GB2, 
case__108: Stack__GB1, 
case__68: Stack__GB0, 
reg__290: Execute__GB2, 
reg__175: Stack__GB4, 
reg__192: Stack__GB2, 
reg__163: Stack__GB4, 
logic__62: top__GC0, 
logic__17: top__GC0, 
case__296: Execute__GB2, 
reg__302: Execute__GB1, 
signinv: Stack__GB4, 
reg__238: Stack__GB3, 
case__141: Stack__GB1, 
reg__295: Execute__GB2, 
case__260: Stack__GB3, 
case__111: Stack__GB1, 
case__22: top__GC0, 
case__6: top__GC0, 
logic__676: Execute__GB2, 
reg__228: Stack__GB2, 
case__129: Stack__GB1, 
logic__789: top__GC0, 
case__267: Stack__GB3, 
case__381: Execute__GB2, 
reg__206: Stack__GB2, 
case__106: Stack__GB1, 
logic__339: Stack__GB4, 
case__19: top__GC0, 
reg__242: Stack__GB3, 
logic__436: Execute__GB2, 
reg__108: Stack__GB1, 
Controller: top__GC0, 
case__176: Stack__GB4, 
case__222: Stack__GB2, 
reg__255: Stack__GB3, 
reg__59: Stack__GB0, 
case__99: Stack__GB0, 
reg__307: Execute__GB2, 
case__146: Stack__GB1, 
logic__200: top__GC0, 
case__386: Execute__GB2, 
reg__86: Stack__GB0, 
logic__363: Execute__GB2, 
logic__213: top__GC0, 
logic__190: top__GC0, 
logic__80: top__GC0, 
reg__141: Stack__GB1, 
reg__76: Stack__GB0, 
reg__235: Stack__GB3, 
case__81: Stack__GB0, 
case__82: Stack__GB0, 
case__396: Execute__GB2, 
logic__562: Execute__GB1, 
case__202: Stack__GB2, 
reg__118: Stack__GB1, 
logic__137: top__GC0, 
logic__380: Execute__GB2, 
case__98: Stack__GB0, 
Stack__GB1: Stack__GB1, 
logic__487: Execute__GB2, 
reg__148: Stack__GB1, 
reg__298: Execute__GB2, 
case__324: Execute__GB2, 
logic__12: top__GC0, 
logic__167: top__GC0, 
logic__368: Execute__GB2, 
case__149: Stack__GB1, 
reg__164: Stack__GB4, 
datapath__64: Execute__GB2, 
reg__253: Stack__GB3, 
case__352: Execute__GB2, 
case__162: Stack__GB1, 
logic__553: Execute__GB1, 
reg__89: Stack__GB0, 
datapath__19: Stack__GB4, 
logic__735: Execute__GB2, 
muxpart__5: top__GC0, 
counter: top__GC0, 
case__62: Stack__GB0, 
case__309: Execute__GB2, 
Stack__GB3: Stack__GB3, 
case__361: Execute__GB1, 
logic__58: top__GC0, 
case__348: Execute__GB2, 
case__302: Execute__GB2, 
reg__260: Stack__GB3, 
case__256: Stack__GB3, 
case__265: Stack__GB3, 
reg__55: Stack__GB0, 
case__266: Stack__GB3, 
logic__824: top__GC0, 
case__92: Stack__GB0, 
logic__311: top__GC0, 
logic__44: top__GC0, 
datapath__23: Execute__GB2, 
reg__45: Stack__GB0, 
reg__34: Stack__GB0, 
datapath__96: top__GC0, 
reg__187: Stack__GB2, 
reg__91: Stack__GB1, 
datapath__14: top__GC0, 
logic__192: top__GC0, 
logic__124: top__GC0, 
logic__832: top__GC0, 
datapath__4: top__GC0, 
logic__441: Execute__GB2, 
reg__73: Stack__GB0, 
reg__153: Stack__GB1, 
reg__324: top__GC0, 
logic__164: top__GC0, 
case__258: Stack__GB3, 
case__311: Execute__GB2, 
case__379: Execute__GB2, 
case__306: Execute__GB2, 
case__263: Stack__GB3, 
reg__225: Stack__GB2, 
datapath__69: Execute__GB1, 
case__59: Stack__GB0, 
case__380: Execute__GB2, 
reg__150: Stack__GB1, 
reg__107: Stack__GB1, 
reg__145: Stack__GB1, 
reg__152: Stack__GB1, 
datapath__2: top__GC0, 
logic__495: Execute__GB2, 
reg__217: Stack__GB2, 
datapath__43: Execute__GB2, 
reg__103: Stack__GB1, 
case__100: Stack__GB0, 
reg__110: Stack__GB1, 
logic__369: Execute__GB2, 
logic__514: Execute__GB2, 
reg__33: Stack__GB0, 
reg__229: Stack__GB3, 
case__410: top__GC0, 
datapath__92: Execute__GB4, 
case__158: Stack__GB1, 
case__351: Execute__GB2, 
logic__801: top__GC0, 
muxpart__13: top__GC0, 
logic__209: top__GC0, 
logic__371: Execute__GB2, 
logic__672: Execute__GB2, 
reg__126: Stack__GB1, 
logic__95: top__GC0, 
case__378: Execute__GB2, 
reg__128: Stack__GB1, 
reg__17: top__GC0, 
muxpart__28: Execute__GB4, 
logic__498: Execute__GB2, 
logic__160: top__GC0, 
logic__654: Execute__GB2, 
datapath__22: Execute__GB2, 
case__42: Stack__GB0, 
datapath__37: Execute__GB2, 
case__364: Execute__GB1, 
logic__77: top__GC0, 
logic__534: Execute__GB2, 
case__15: top__GC0, 
case__128: Stack__GB1, 
reg__113: Stack__GB1, 
datapath__76: Execute__GB1, 
case__230: Stack__GB2, 
logic__492: Execute__GB2, 
case__157: Stack__GB1, 
reg__154: Stack__GB4, 
case__84: Stack__GB0, 
logic__197: top__GC0, 
reg__231: Stack__GB3, 
reg__137: Stack__GB1, 
case__408: top__GC0, 
logic__86: top__GC0, 
case__36: Stack__GB4, 
logic__54: top__GC0, 
case__238: Stack__GB2, 
logic__207: top__GC0, 
case__86: Stack__GB0, 
