case__32: case__32
reg__289: reg__289
datapath__8: datapath__8
case__277: case__277
reg__31: reg__31
logic__727: logic__727
reg__189: reg__189
datapath__16: datapath__16
muxpart: muxpart
case__101: case__101
reg__29: reg__29
case__63: case__63
case__293: case__293
reg__321: reg__321
reg__26: reg__26
logic__26: logic__26
case__219: case__219
reg__250: reg__250
logic__526: logic__526
case__236: case__236
reg__42: reg__42
case__411: case__411
case__278: case__278
Execute__GB1: Execute__GB1
case__12: case__12
logic__538: logic__538
reg__186: reg__186
case__353: case__353
datapath__77: datapath__77
case__305: case__305
reg__123: reg__123
case__248: case__248
case__34: case__34
case__189: case__189
logic__535: logic__535
case__255: case__255
case__388: case__388
case__228: case__228
reg__266: reg__266
logic__536: logic__536
logic__92: logic__92
reg__201: reg__201
case__54: case__54
String_to_Number: String_to_Number
reg__309: reg__309
case__145: case__145
reg__78: reg__78
muxpart__33: muxpart__33
logic__199: logic__199
case__44: case__44
case__133: case__133
counter__3: counter__3
case__58: case__58
reg__122: reg__122
reg__75: reg__75
reg__35: reg__35
logic__42: logic__42
logic__674: logic__674
counter__5: counter__5
datapath__41: datapath__41
case__195: case__195
case__155: case__155
logic__413: logic__413
datapath__30: datapath__30
reg__38: reg__38
logic__215: logic__215
muxpart__7: muxpart__7
case__360: case__360
case__213: case__213
case__107: case__107
logic__755: logic__755
case__282: case__282
reg__270: reg__270
case__329: case__329
logic__738: logic__738
reg__323: reg__323
logic__46: logic__46
reg__263: reg__263
case__284: case__284
case__95: case__95
case__270: case__270
logic__38: logic__38
logic__27: logic__27
reg__184: reg__184
logic__563: logic__563
reg__205: reg__205
muxpart__23: muxpart__23
muxpart__27: muxpart__27
datapath__94: datapath__94
case__301: case__301
case__207: case__207
case__402: case__402
case__135: case__135
case__261: case__261
reg__27: reg__27
datapath__53: datapath__53
reg__281: reg__281
datapath__39: datapath__39
reg__139: reg__139
case__94: case__94
logic__497: logic__497
case__254: case__254
reg__197: reg__197
logic__548: logic__548
reg__183: reg__183
case: case
case__328: case__328
reg__48: reg__48
case__399: case__399
case__33: case__33
reg__179: reg__179
reg__247: reg__247
logic__397: logic__397
logic__406: logic__406
datapath__38: datapath__38
case__35: case__35
reg__297: reg__297
case__409: case__409
case__28: case__28
case__114: case__114
case__377: case__377
case__153: case__153
case__339: case__339
reg__278: reg__278
case__40: case__40
reg: reg
case__231: case__231
reg__104: reg__104
logic__360: logic__360
case__179: case__179
case__89: case__89
case__169: case__169
case__172: case__172
case__119: case__119
datapath__88: datapath__88
reg__199: reg__199
datapath__52: datapath__52
case__31: case__31
reg__19: reg__19
logic__757: logic__757
case__387: case__387
logic__555: logic__555
logic__288: logic__288
datapath__74: datapath__74
Debouncer: Debouncer
muxpart__3: muxpart__3
muxpart__19: muxpart__19
reg__155: reg__155
case__14: case__14
reg__69: reg__69
reg__286: reg__286
logic__354: logic__354
logic__427: logic__427
reg__280: reg__280
case__241: case__241
logic__766: logic__766
case__4: case__4
reg__188: reg__188
logic__53: logic__53
reg__63: reg__63
reg__149: reg__149
logic__407: logic__407
logic__387: logic__387
logic__765: logic__765
reg__257: reg__257
reg__20: reg__20
logic__83: logic__83
reg__77: reg__77
reg__243: reg__243
case__187: case__187
case__74: case__74
reg__251: reg__251
datapath__33: datapath__33
logic__408: logic__408
case__300: case__300
logic__509: logic__509
case__78: case__78
logic__45: logic__45
case__312: case__312
case__204: case__204
logic__4: logic__4
case__193: case__193
reg__36: reg__36
reg__12: reg__12
case__362: case__362
logic__37: logic__37
reg__318: reg__318
logic__605: logic__605
reg__185: reg__185
muxpart__2: muxpart__2
logic__465: logic__465
datapath__57: datapath__57
reg__114: reg__114
logic__252: logic__252
Execute__GB4: Execute__GB4
case__273: case__273
reg__171: reg__171
case__198: case__198
logic__752: logic__752
case__383: case__383
datapath__67: datapath__67
case__211: case__211
datapath__79: datapath__79
logic__210: logic__210
case__391: case__391
case__90: case__90
datapath__90: datapath__90
datapath__49: datapath__49
reg__97: reg__97
logic__337: logic__337
case__372: case__372
case__367: case__367
case__221: case__221
muxpart__8: muxpart__8
case__150: case__150
reg__301: reg__301
case__363: case__363
datapath__72: datapath__72
reg__70: reg__70
case__18: case__18
logic__542: logic__542
VGA: VGA
logic__447: logic__447
datapath__98: datapath__98
Judge: Judge
case__375: case__375
case__93: case__93
muxpart__17: muxpart__17
reg__200: reg__200
case__115: case__115
logic__439: logic__439
case__229: case__229
reg__265: reg__265
logic__791: logic__791
case__303: case__303
case__178: case__178
case__103: case__103
datapath__55: datapath__55
case__407: case__407
logic__189: logic__189
datapath__24: datapath__24
case__209: case__209
datapath__7: datapath__7
reg__209: reg__209
reg__41: reg__41
datapath__31: datapath__31
reg__130: reg__130
case__167: case__167
logic__25: logic__25
case__203: case__203
case__224: case__224
case__338: case__338
logic__726: logic__726
logic__198: logic__198
datapath__5: datapath__5
logic__781: logic__781
reg__94: reg__94
case__274: case__274
reg__215: reg__215
logic__453: logic__453
reg__282: reg__282
reg__170: reg__170
logic__121: logic__121
logic__749: logic__749
logic__558: logic__558
reg__221: reg__221
reg__127: reg__127
logic__665: logic__665
reg__198: reg__198
case__244: case__244
case__39: case__39
case__275: case__275
reg__60: reg__60
logic__458: logic__458
reg__28: reg__28
case__286: case__286
logic__418: logic__418
reg__135: reg__135
logic__191: logic__191
logic__640: logic__640
datapath__11: datapath__11
logic__196: logic__196
reg__204: reg__204
case__294: case__294
logic__641: logic__641
reg__111: reg__111
datapath__47: datapath__47
case__27: case__27
case__49: case__49
logic__152: logic__152
logic__65: logic__65
logic__63: logic__63
reg__65: reg__65
logic__780: logic__780
case__316: case__316
case__134: case__134
logic__426: logic__426
case__398: case__398
logic__8: logic__8
case__345: case__345
case__175: case__175
case__298: case__298
case__125: case__125
case__390: case__390
datapath__36: datapath__36
case__147: case__147
case__46: case__46
logic__725: logic__725
case__368: case__368
case__259: case__259
logic__342: logic__342
reg__169: reg__169
reg__50: reg__50
logic__430: logic__430
muxpart__4: muxpart__4
reg__300: reg__300
muxpart__9: muxpart__9
case__320: case__320
logic__795: logic__795
logic__475: logic__475
reg__218: reg__218
reg__43: reg__43
counter__4: counter__4
reg__276: reg__276
top__GC0: top__GC0
logic__666: logic__666
case__376: case__376
reg__143: reg__143
logic__764: logic__764
case__358: case__358
logic__372: logic__372
reg__62: reg__62
case__225: case__225
case__326: case__326
logic__792: logic__792
case__5: case__5
reg__306: reg__306
logic__350: logic__350
case__235: case__235
logic__6: logic__6
reg__134: reg__134
reg__273: reg__273
reg__5: reg__5
case__71: case__71
case__285: case__285
logic__646: logic__646
reg__239: reg__239
logic__528: logic__528
logic__398: logic__398
logic__794: logic__794
case__104: case__104
logic__648: logic__648
case__319: case__319
case__200: case__200
reg__52: reg__52
muxpart__15: muxpart__15
muxpart__25: muxpart__25
case__69: case__69
logic__158: logic__158
reg__287: reg__287
reg__162: reg__162
reg__106: reg__106
case__180: case__180
logic__281: logic__281
reg__10: reg__10
case__292: case__292
datapath__71: datapath__71
reg__6: reg__6
case__43: case__43
case__64: case__64
logic__169: logic__169
logic__663: logic__663
reg__21: reg__21
reg__11: reg__11
reg__305: reg__305
case__226: case__226
logic__114: logic__114
reg__308: reg__308
case__212: case__212
reg__212: reg__212
case__144: case__144
reg__181: reg__181
case__371: case__371
datapath__46: datapath__46
case__310: case__310
reg__320: reg__320
reg__230: reg__230
case__205: case__205
case__365: case__365
reg__294: reg__294
logic__479: logic__479
case__7: case__7
datapath__10: datapath__10
case__164: case__164
datapath__87: datapath__87
datapath__59: datapath__59
case__79: case__79
case__331: case__331
reg__246: reg__246
logic__353: logic__353
case__215: case__215
logic__667: logic__667
case__403: case__403
case__325: case__325
case__289: case__289
case__171: case__171
datapath__80: datapath__80
reg__71: reg__71
logic__428: logic__428
case__279: case__279
reg__319: reg__319
case__96: case__96
datapath__70: datapath__70
reg__124: reg__124
reg__49: reg__49
logic__525: logic__525
logic__409: logic__409
case__356: case__356
case__281: case__281
reg__261: reg__261
case__80: case__80
muxpart__30: muxpart__30
datapath__93__GD: datapath__93__GD
reg__223: reg__223
logic__39: logic__39
case__341: case__341
logic__704: logic__704
datapath__97: datapath__97
logic__480: logic__480
case__327: case__327
case__210: case__210
case__25: case__25
logic__1: logic__1
case__75: case__75
reg__277: reg__277
logic__822: logic__822
logic__655: logic__655
case__181: case__181
case__122: case__122
reg__79: reg__79
muxpart__10: muxpart__10
logic__686: logic__686
logic__449: logic__449
case__136: case__136
case__83: case__83
datapath__54: datapath__54
counter__2: counter__2
reg__303: reg__303
case__257: case__257
case__24: case__24
logic__473: logic__473
reg__219: reg__219
case__197: case__197
counter__6: counter__6
reg__285: reg__285
case__227: case__227
reg__37: reg__37
logic__440: logic__440
logic__644: logic__644
case__389: case__389
logic__442: logic__442
datapath__42: datapath__42
datapath__15: datapath__15
datapath__25: datapath__25
case__118: case__118
logic__3: logic__3
muxpart__22: muxpart__22
reg__173: reg__173
datapath__82: datapath__82
case__251: case__251
case__184: case__184
reg__292: reg__292
logic__429: logic__429
reg__227: reg__227
reg__8: reg__8
datapath__65: datapath__65
logic__437: logic__437
reg__165: reg__165
reg__317: reg__317
logic__419: logic__419
case__308: case__308
case__26: case__26
reg__92: reg__92
logic__132: logic__132
reg__195: reg__195
case__247: case__247
case__190: case__190
case__87: case__87
reg__22: reg__22
logic__405: logic__405
case__321: case__321
reg__90: reg__90
logic__546: logic__546
logic__123: logic__123
case__359: case__359
logic__374: logic__374
case__214: case__214
case__317: case__317
reg__322: reg__322
reg__30: reg__30
reg__296: reg__296
case__346: case__346
reg__159: reg__159
reg__68: reg__68
reg__283: reg__283
reg__237: reg__237
case__123: case__123
logic__18: logic__18
case__350: case__350
String_parser: String_parser
reg__158: reg__158
reg__54: reg__54
logic__671: logic__671
case__253: case__253
reg__264: reg__264
reg__233: reg__233
logic__89: logic__89
datapath__20: datapath__20
logic__359: logic__359
reg__256: reg__256
case__262: case__262
logic__74: logic__74
logic__768: logic__768
case__394: case__394
logic__697: logic__697
logic__664: logic__664
case__237: case__237
logic__478: logic__478
reg__120: reg__120
reg__131: reg__131
reg__9: reg__9
reg__271: reg__271
logic__799: logic__799
logic__5: logic__5
case__269: case__269
case__288: case__288
reg__1: reg__1
logic__400: logic__400
case__342: case__342
datapath__29: datapath__29
datapath__93: datapath__93
muxpart__1: muxpart__1
reg__314: reg__314
case__105: case__105
reg__39: reg__39
reg__82: reg__82
case__97: case__97
case__406: case__406
logic__649: logic__649
case__239: case__239
case__344: case__344
datapath__94__GD: datapath__94__GD
case__297: case__297
logic__415: logic__415
logic__375: logic__375
reg__87: reg__87
case__13: case__13
case__216: case__216
case__73: case__73
reg__241: reg__241
logic__390: logic__390
case__268: case__268
reg__24: reg__24
datapath__1: datapath__1
logic__364: logic__364
case__121: case__121
datapath__3: datapath__3
case__272: case__272
reg__191: reg__191
logic__798: logic__798
datapath__40: datapath__40
case__57: case__57
case__41: case__41
case__369: case__369
reg__310: reg__310
case__170: case__170
case__166: case__166
reg__213: reg__213
reg__44: reg__44
case__240: case__240
case__29: case__29
datapath__62: datapath__62
case__66: case__66
Stack__GB2: Stack__GB2
case__290: case__290
case__201: case__201
case__196: case__196
muxpart__26: muxpart__26
logic__561: logic__561
datapath__45: datapath__45
case__276: case__276
case__152: case__152
reg__74: reg__74
logic__660: logic__660
logic__194: logic__194
logic__379: logic__379
case__110: case__110
muxpart__14: muxpart__14
logic__466: logic__466
case__70: case__70
counter__7: counter__7
case__102: case__102
logic__438: logic__438
case__138: case__138
reg__117: reg__117
reg__105: reg__105
logic__135: logic__135
case__337: case__337
case__271: case__271
logic__559: logic__559
logic__399: logic__399
case__60: case__60
case__299: case__299
case__242: case__242
muxpart__32: muxpart__32
Keyboard: Keyboard
reg__121: reg__121
case__140: case__140
logic__647: logic__647
case__132: case__132
reg__208: reg__208
case__218: case__218
datapath__95: datapath__95
case__232: case__232
reg__132: reg__132
reg__84: reg__84
reg__315: reg__315
logic__547: logic__547
logic__416: logic__416
reg__32: reg__32
case__109: case__109
case__250: case__250
case__161: case__161
reg__140: reg__140
logic__193: logic__193
reg__66: reg__66
case__385: case__385
reg__99: reg__99
logic__55: logic__55
reg__51: reg__51
datapath: datapath
datapath__44: datapath__44
case__159: case__159
case__76: case__76
logic__156: logic__156
logic__823: logic__823
case__112: case__112
reg__210: reg__210
datapath__12: datapath__12
reg__268: reg__268
reg__267: reg__267
logic: logic
logic__421: logic__421
reg__47: reg__47
logic__608: logic__608
reg__112: reg__112
case__246: case__246
Font: Font
case__85: case__85
logic__467: logic__467
case__117: case__117
case__199: case__199
case__9: case__9
logic__208: logic__208
case__3: case__3
logic__541: logic__541
reg__190: reg__190
case__53: case__53
logic__677: logic__677
logic__531: logic__531
case__400: case__400
logic__639: logic__639
datapath__78: datapath__78
case__48: case__48
case__165: case__165
datapath__66: datapath__66
case__314: case__314
case__392: case__392
reg__226: reg__226
case__151: case__151
reg__133: reg__133
addsub: addsub
reg__166: reg__166
case__185: case__185
case__148: case__148
reg__88: reg__88
reg__284: reg__284
logic__673: logic__673
reg__93: reg__93
logic__211: logic__211
case__393: case__393
reg__291: reg__291
case__16: case__16
logic__656: logic__656
case__137: case__137
case__206: case__206
muxpart__12: muxpart__12
reg__174: reg__174
case__357: case__357
logic__60: logic__60
logic__385: logic__385
reg__203: reg__203
case__17: case__17
case__304: case__304
case__45: case__45
datapath__58: datapath__58
logic__414: logic__414
logic__568: logic__568
reg__279: reg__279
datapath__48: datapath__48
case__50: case__50
case__280: case__280
reg__14: reg__14
logic__338: logic__338
logic__503: logic__503
datapath__56: datapath__56
logic__201: logic__201
reg__13: reg__13
reg__161: reg__161
reg__115: reg__115
reg__18: reg__18
reg__3: reg__3
logic__417: logic__417
reg__193: reg__193
muxpart__18: muxpart__18
case__127: case__127
Execute__GB2: Execute__GB2
logic__345: logic__345
case__55: case__55
muxpart__21: muxpart__21
logic__352: logic__352
reg__177: reg__177
case__264: case__264
logic__537: logic__537
logic__349: logic__349
case__287: case__287
datapath__35: datapath__35
datapath__75: datapath__75
case__139: case__139
reg__259: reg__259
logic__731: logic__731
case__194: case__194
reg__299: reg__299
case__336: case__336
logic__36: logic__36
muxpart__24: muxpart__24
reg__232: reg__232
reg__109: reg__109
logic__642: logic__642
logic__134: logic__134
case__23: case__23
reg__147: reg__147
logic__356: logic__356
reg__80: reg__80
datapath__68: datapath__68
reg__125: reg__125
logic__748: logic__748
logic__204: logic__204
datapath__61: datapath__61
case__404: case__404
logic__391: logic__391
logic__694: logic__694
case__130: case__130
logic__645: logic__645
case__38: case__38
reg__274: reg__274
logic__129: logic__129
reg__254: reg__254
reg__178: reg__178
reg__244: reg__244
logic__756: logic__756
datapath__83: datapath__83
reg__234: reg__234
case__220: case__220
case__1: case__1
case__315: case__315
Number_to_String: Number_to_String
reg__222: reg__222
case__249: case__249
case__370: case__370
case__52: case__52
case__366: case__366
reg__316: reg__316
reg__23: reg__23
logic__508: logic__508
case__323: case__323
case__405: case__405
case__243: case__243
reg__16: reg__16
case__21: case__21
datapath__32: datapath__32
logic__675: logic__675
reg__96: reg__96
Stack__GB4: Stack__GB4
case__10: case__10
logic__431: logic__431
reg__136: reg__136
logic__657: logic__657
counter__1: counter__1
case__154: case__154
reg__252: reg__252
reg__249: reg__249
case__291: case__291
case__191: case__191
logic__2: logic__2
case__234: case__234
datapath__50: datapath__50
datapath__91: datapath__91
case__330: case__330
reg__207: reg__207
logic__216: logic__216
reg__194: reg__194
logic__496: logic__496
case__334: case__334
reg__224: reg__224
case__72: case__72
reg__72: reg__72
logic__732: logic__732
reg__304: reg__304
reg__275: reg__275
case__382: case__382
logic__651: logic__651
datapath__81: datapath__81
case__233: case__233
reg__258: reg__258
reg__168: reg__168
case__354: case__354
case__349: case__349
logic__652: logic__652
logic__7: logic__7
datapath__26: datapath__26
logic__184: logic__184
reg__156: reg__156
logic__566: logic__566
logic__517: logic__517
case__318: case__318
reg__157: reg__157
logic__348: logic__348
logic__159: logic__159
datapath__34: datapath__34
reg__216: reg__216
case__30: case__30
datapath__84: datapath__84
logic__217: logic__217
logic__520: logic__520
datapath__27: datapath__27
logic__560: logic__560
logic__64: logic__64
case__313: case__313
case__373: case__373
reg__269: reg__269
datapath__63: datapath__63
case__37: case__37
case__343: case__343
case__177: case__177
datapath__86: datapath__86
reg__160: reg__160
case__397: case__397
case__142: case__142
case__182: case__182
case__156: case__156
case__183: case__183
datapath__73: datapath__73
case__120: case__120
reg__15: reg__15
logic__505: logic__505
logic__373: logic__373
reg__167: reg__167
logic__214: logic__214
case__295: case__295
reg__101: reg__101
muxpart__31: muxpart__31
datapath__85: datapath__85
reg__245: reg__245
reg__58: reg__58
case__384: case__384
logic__423: logic__423
logic__643: logic__643
logic__459: logic__459
logic__434: logic__434
logic__394: logic__394
logic__707: logic__707
case__56: case__56
reg__180: reg__180
logic__248: logic__248
reg__57: reg__57
case__51: case__51
reg__56: reg__56
reg__240: reg__240
case__168: case__168
logic__125: logic__125
reg__220: reg__220
case__374: case__374
reg__146: reg__146
display: display
reg__7: reg__7
case__65: case__65
logic__111: logic__111
case__8: case__8
case__2: case__2
case__307: case__307
case__88: case__88
case__192: case__192
reg__151: reg__151
case__116: case__116
Stack__GB0: Stack__GB0
reg__311: reg__311
case__223: case__223
reg__85: reg__85
muxpart__20: muxpart__20
reg__142: reg__142
logic__22: logic__22
reg__129: reg__129
reg__248: reg__248
logic__71: logic__71
logic__554: logic__554
logic__650: logic__650
case__67: case__67
logic__50: logic__50
reg__293: reg__293
logic__827: logic__827
case__20: case__20
muxpart__11: muxpart__11
case__186: case__186
reg__61: reg__61
reg__138: reg__138
case__173: case__173
reg__214: reg__214
logic__221: logic__221
logic__28: logic__28
case__355: case__355
datapath__51: datapath__51
logic__709: logic__709
case__131: case__131
datapath__17: datapath__17
case__163: case__163
reg__2: reg__2
logic__708: logic__708
case__340: case__340
logic__367: logic__367
logic__68: logic__68
case__188: case__188
case__124: case__124
reg__144: reg__144
case__332: case__332
reg__119: reg__119
case__91: case__91
reg__196: reg__196
case__174: case__174
case__160: case__160
reg__100: reg__100
reg__4: reg__4
reg__262: reg__262
reg__172: reg__172
logic__457: logic__457
logic__730: logic__730
reg__40: reg__40
case__335: case__335
reg__83: reg__83
reg__272: reg__272
reg__288: reg__288
muxpart__6: muxpart__6
logic__355: logic__355
logic__653: logic__653
logic__386: logic__386
reg__211: reg__211
case__333: case__333
reg__67: reg__67
reg__25: reg__25
case__283: case__283
reg__64: reg__64
case__401: case__401
reg__313: reg__313
case__252: case__252
case__143: case__143
case__61: case__61
case__126: case__126
reg__95: reg__95
logic__452: logic__452
case__47: case__47
case__113: case__113
reg__182: reg__182
reg__312: reg__312
datapath__9: datapath__9
datapath__60: datapath__60
reg__202: reg__202
reg__53: reg__53
muxpart__16: muxpart__16
logic__110: logic__110
case__322: case__322
reg__46: reg__46
logic__351: logic__351
logic__370: logic__370
datapath__28: datapath__28
case__245: case__245
datapath__6: datapath__6
case__347: case__347
datapath__21: datapath__21
reg__176: reg__176
case__77: case__77
reg__81: reg__81
case__208: case__208
logic__468: logic__468
logic__411: logic__411
logic__744: logic__744
reg__116: reg__116
reg__102: reg__102
reg__98: reg__98
reg__236: reg__236
case__217: case__217
case__108: case__108
case__68: case__68
reg__290: reg__290
reg__175: reg__175
reg__192: reg__192
reg__163: reg__163
logic__62: logic__62
logic__17: logic__17
case__296: case__296
reg__302: reg__302
signinv: signinv
reg__238: reg__238
case__141: case__141
reg__295: reg__295
case__260: case__260
case__111: case__111
case__22: case__22
case__6: case__6
logic__676: logic__676
reg__228: reg__228
case__129: case__129
logic__789: logic__789
case__267: case__267
case__381: case__381
reg__206: reg__206
case__106: case__106
logic__339: logic__339
case__19: case__19
reg__242: reg__242
logic__436: logic__436
reg__108: reg__108
Controller: Controller
case__176: case__176
case__222: case__222
reg__255: reg__255
reg__59: reg__59
case__99: case__99
reg__307: reg__307
case__146: case__146
logic__200: logic__200
case__386: case__386
reg__86: reg__86
logic__363: logic__363
logic__213: logic__213
logic__190: logic__190
logic__80: logic__80
reg__141: reg__141
reg__76: reg__76
reg__235: reg__235
case__81: case__81
case__82: case__82
case__396: case__396
logic__562: logic__562
case__202: case__202
reg__118: reg__118
logic__137: logic__137
logic__380: logic__380
case__98: case__98
Stack__GB1: Stack__GB1
logic__487: logic__487
reg__148: reg__148
reg__298: reg__298
case__324: case__324
logic__12: logic__12
logic__167: logic__167
logic__368: logic__368
case__149: case__149
reg__164: reg__164
datapath__64: datapath__64
reg__253: reg__253
case__352: case__352
case__162: case__162
logic__553: logic__553
reg__89: reg__89
datapath__19: datapath__19
logic__735: logic__735
muxpart__5: muxpart__5
counter: counter
case__62: case__62
case__309: case__309
Stack__GB3: Stack__GB3
case__361: case__361
logic__58: logic__58
case__348: case__348
case__302: case__302
reg__260: reg__260
case__256: case__256
case__265: case__265
reg__55: reg__55
case__266: case__266
logic__824: logic__824
case__92: case__92
logic__311: logic__311
logic__44: logic__44
datapath__23: datapath__23
reg__45: reg__45
reg__34: reg__34
datapath__96: datapath__96
reg__187: reg__187
reg__91: reg__91
datapath__14: datapath__14
logic__192: logic__192
logic__124: logic__124
logic__832: logic__832
datapath__4: datapath__4
logic__441: logic__441
reg__73: reg__73
reg__153: reg__153
reg__324: reg__324
logic__164: logic__164
case__258: case__258
case__311: case__311
case__379: case__379
case__306: case__306
case__263: case__263
reg__225: reg__225
datapath__69: datapath__69
case__59: case__59
case__380: case__380
reg__150: reg__150
reg__107: reg__107
reg__145: reg__145
reg__152: reg__152
datapath__2: datapath__2
logic__495: logic__495
reg__217: reg__217
datapath__43: datapath__43
reg__103: reg__103
case__100: case__100
reg__110: reg__110
logic__369: logic__369
logic__514: logic__514
reg__33: reg__33
reg__229: reg__229
case__410: case__410
datapath__92: datapath__92
case__158: case__158
case__351: case__351
logic__801: logic__801
muxpart__13: muxpart__13
logic__209: logic__209
logic__371: logic__371
logic__672: logic__672
reg__126: reg__126
logic__95: logic__95
case__378: case__378
reg__128: reg__128
reg__17: reg__17
muxpart__28: muxpart__28
logic__498: logic__498
logic__160: logic__160
logic__654: logic__654
datapath__22: datapath__22
case__42: case__42
datapath__37: datapath__37
case__364: case__364
logic__77: logic__77
logic__534: logic__534
case__15: case__15
case__128: case__128
reg__113: reg__113
datapath__76: datapath__76
case__230: case__230
logic__492: logic__492
case__157: case__157
reg__154: reg__154
case__84: case__84
logic__197: logic__197
reg__231: reg__231
reg__137: reg__137
case__408: case__408
logic__86: logic__86
case__36: case__36
logic__54: logic__54
case__238: case__238
logic__207: logic__207
case__86: case__86
